
> snaptrip@0.1.0 build
> next build

  ▲ Next.js 14.2.35
  - Environments: .env.local

   Creating an optimized production build ...
 ✓ Compiled successfully
   Linting and checking validity of types ...

./app/admin/data-sync/[country]/page.tsx
18:8  Warning: React Hook useEffect has a missing dependency: 'fetchPlaces'. Either include it or remove the dependency array.  react-hooks/exhaustive-deps
135:49  Warning: Using `<img>` could result in slower LCP and higher bandwidth. Consider using `<Image />` from `next/image` to automatically optimize images. This may incur additional usage or cost from your provider. See: https://nextjs.org/docs/messages/no-img-element  @next/next/no-img-element
275:45  Warning: Using `<img>` could result in slower LCP and higher bandwidth. Consider using `<Image />` from `next/image` to automatically optimize images. This may incur additional usage or cost from your provider. See: https://nextjs.org/docs/messages/no-img-element  @next/next/no-img-element

./app/admin/data-sync/page.tsx
84:8  Warning: React Hook useCallback has a missing dependency: 'checkSyncStatus'. Either include it or remove the dependency array.  react-hooks/exhaustive-deps

./app/components/ChartMap.tsx
142:8  Warning: React Hook useEffect has a missing dependency: 'selectedCountry'. Either include it or remove the dependency array.  react-hooks/exhaustive-deps
328:37  Warning: Using `<img>` could result in slower LCP and higher bandwidth. Consider using `<Image />` from `next/image` to automatically optimize images. This may incur additional usage or cost from your provider. See: https://nextjs.org/docs/messages/no-img-element  @next/next/no-img-element
368:49  Warning: Using `<img>` could result in slower LCP and higher bandwidth. Consider using `<Image />` from `next/image` to automatically optimize images. This may incur additional usage or cost from your provider. See: https://nextjs.org/docs/messages/no-img-element  @next/next/no-img-element

./app/components/DayPlanner.tsx
259:45  Warning: Using `<img>` could result in slower LCP and higher bandwidth. Consider using `<Image />` from `next/image` to automatically optimize images. This may incur additional usage or cost from your provider. See: https://nextjs.org/docs/messages/no-img-element  @next/next/no-img-element

./app/components/DragDropItinerary.tsx
117:19  Warning: Using `<img>` could result in slower LCP and higher bandwidth. Consider using `<Image />` from `next/image` to automatically optimize images. This may incur additional usage or cost from your provider. See: https://nextjs.org/docs/messages/no-img-element  @next/next/no-img-element

./app/components/HierarchicalMap.tsx
254:6  Warning: React Hook useEffect has a missing dependency: 'zoomOverride'. Either include it or remove the dependency array.  react-hooks/exhaustive-deps

./app/components/ItinerarySidebar.tsx
58:13  Warning: Using `<img>` could result in slower LCP and higher bandwidth. Consider using `<Image />` from `next/image` to automatically optimize images. This may incur additional usage or cost from your provider. See: https://nextjs.org/docs/messages/no-img-element  @next/next/no-img-element
212:25  Warning: Using `<img>` could result in slower LCP and higher bandwidth. Consider using `<Image />` from `next/image` to automatically optimize images. This may incur additional usage or cost from your provider. See: https://nextjs.org/docs/messages/no-img-element  @next/next/no-img-element
232:29  Warning: Using `<img>` could result in slower LCP and higher bandwidth. Consider using `<Image />` from `next/image` to automatically optimize images. This may incur additional usage or cost from your provider. See: https://nextjs.org/docs/messages/no-img-element  @next/next/no-img-element
252:25  Warning: Using `<img>` could result in slower LCP and higher bandwidth. Consider using `<Image />` from `next/image` to automatically optimize images. This may incur additional usage or cost from your provider. See: https://nextjs.org/docs/messages/no-img-element  @next/next/no-img-element

./app/components/TimelineView.tsx
147:29  Warning: Using `<img>` could result in slower LCP and higher bandwidth. Consider using `<Image />` from `next/image` to automatically optimize images. This may incur additional usage or cost from your provider. See: https://nextjs.org/docs/messages/no-img-element  @next/next/no-img-element

./app/components/TravelerIDCard.tsx
117:29  Warning: Using `<img>` could result in slower LCP and higher bandwidth. Consider using `<Image />` from `next/image` to automatically optimize images. This may incur additional usage or cost from your provider. See: https://nextjs.org/docs/messages/no-img-element  @next/next/no-img-element
174:29  Warning: Using `<img>` could result in slower LCP and higher bandwidth. Consider using `<Image />` from `next/image` to automatically optimize images. This may incur additional usage or cost from your provider. See: https://nextjs.org/docs/messages/no-img-element  @next/next/no-img-element
184:33  Warning: Using `<img>` could result in slower LCP and higher bandwidth. Consider using `<Image />` from `next/image` to automatically optimize images. This may incur additional usage or cost from your provider. See: https://nextjs.org/docs/messages/no-img-element  @next/next/no-img-element

./app/components/TripMap.tsx
344:8  Warning: React Hook useEffect has missing dependencies: 'isSavedTripView' and 'onAddToPlan'. Either include them or remove the dependency array. If 'onAddToPlan' changes too often, find the parent component that defines it and wrap that definition in useCallback.  react-hooks/exhaustive-deps

./app/dashboard/page.tsx
94:15  Warning: Using `<img>` could result in slower LCP and higher bandwidth. Consider using `<Image />` from `next/image` to automatically optimize images. This may incur additional usage or cost from your provider. See: https://nextjs.org/docs/messages/no-img-element  @next/next/no-img-element
179:19  Warning: Using `<img>` could result in slower LCP and higher bandwidth. Consider using `<Image />` from `next/image` to automatically optimize images. This may incur additional usage or cost from your provider. See: https://nextjs.org/docs/messages/no-img-element  @next/next/no-img-element

./app/dashboard/profile/page.tsx
142:15  Warning: Using `<img>` could result in slower LCP and higher bandwidth. Consider using `<Image />` from `next/image` to automatically optimize images. This may incur additional usage or cost from your provider. See: https://nextjs.org/docs/messages/no-img-element  @next/next/no-img-element

./app/trip-map/page.tsx
443:29  Warning: Using `<img>` could result in slower LCP and higher bandwidth. Consider using `<Image />` from `next/image` to automatically optimize images. This may incur additional usage or cost from your provider. See: https://nextjs.org/docs/messages/no-img-element  @next/next/no-img-element
501:27  Warning: Using `<img>` could result in slower LCP and higher bandwidth. Consider using `<Image />` from `next/image` to automatically optimize images. This may incur additional usage or cost from your provider. See: https://nextjs.org/docs/messages/no-img-element  @next/next/no-img-element
627:48  Warning: Using `<img>` could result in slower LCP and higher bandwidth. Consider using `<Image />` from `next/image` to automatically optimize images. This may incur additional usage or cost from your provider. See: https://nextjs.org/docs/messages/no-img-element  @next/next/no-img-element
683:49  Warning: Using `<img>` could result in slower LCP and higher bandwidth. Consider using `<Image />` from `next/image` to automatically optimize images. This may incur additional usage or cost from your provider. See: https://nextjs.org/docs/messages/no-img-element  @next/next/no-img-element

info  - Need to disable some ESLint rules? Learn more here: https://nextjs.org/docs/basic-features/eslint#disabling-rules
   Collecting page data ...
   Generating static pages (0/48) ...
   Generating static pages (12/48) 
Test query result: { testData: [ { count: 1590 } ], testError: null }
Places query: {
  places: [
    {
      id: 1,
      country: 'Canada',
      city: 'Calgary',
      website: 'https://www.sathyasaicalgary.ca/',
      title: 'Sri Sathya Sai Baba Centre of Calgary',
      subTitle: null,
      reviewsCount: 5,
      postalCode: 'T3J 3Z4',
      phone: '+1 587-893-2687',
      description: null,
      categoryName: 'Place of worship',
      address: '4655 54 Ave NE Unit#405, Calgary, AB T3J 3Z4, Canada',
      image_url: 'https://lh3.googleusercontent.com/gps-cs-s/AHVAweqc5_ae1Ii-O99YDh-6yfrOu9yf9Bv2jJn3BWVJ_MggJlfpPzk2VhhbUBJXMWXtoC3sD3_Xck1eG8x9AqC5GIgHlu6xa8awCd2n8_9rrMAsIslfpNjrMZCEbfB37O9QL0DJRcdq=w408-h306-k-no',
      location_lat: 51.1017659,
      location_lng: -113.9669783,
      openingHours_0_day: 'Monday',
      openingHours_0_hours: 'Closed',
      openingHours_1_day: 'Tuesday',
      openingHours_1_hours: 'Closed',
      openingHours_2_day: 'Wednesday',
      openingHours_2_hours: 'Closed',
      openingHours_3_day: 'Thursday',
      openingHours_3_hours: 'Closed',
      openingHours_4_day: 'Friday',
      openingHours_4_hours: 'Closed',
      openingHours_5_day: 'Saturday',
      openingHours_5_hours: 'Closed',
      openingHours_6_day: 'Sunday',
      openingHours_6_hours: '3 to 5 PM',
      ai_Acc_0_entrance: true,
      ai_Acc_1_entrance: false,
      ai_Acc_2_entrance: false,
      ai_Acc_3_entrance: false,
      ai_Acc_4_entrance: false,
      ai_Acc_0_parking: false,
      ai_Acc_1_parking: true,
      ai_Acc_2_parking: false,
      ai_Acc_3_parking: false,
      ai_Acc_4_parking: false,
      ai_Acc_0_restroom: false,
      ai_Acc_1_restroom: false,
      ai_Acc_2_restroom: false,
      ai_Acc_3_restroom: false,
      ai_Acc_4_restroom: false,
      ai_Chld_0_kids: false,
      ai_Chld_1_kids: false,
      ai_Chld_2_kids: false,
      ai_Chld_3_kids: false,
      ai_Crwd_0_lgbtq: false,
      ai_Crwd_1_lgbtq: false,
      ai_Crwd_2_lgbtq: false,
      ai_Crwd_3_lgbtq: false,
      ai_Pets_0_dogs: false,
      ai_Pets_1_dogs: false,
      ai_Pets_2_dogs: false,
      ai_Plan_0_tickets: false,
      ai_Plan_1_tickets: false,
      ai_Plan_2_tickets: false,
      ai_Plan_3_tickets: false,
      created_at: '2026-02-15T15:40:29.28518+00:00',
      updated_at: '2026-02-15T15:40:29.28518+00:00'
    },
    {
      id: 2,
      country: 'Canada',
      city: 'Calgary',
      website: 'http://amcia.org/',
      title: 'Al-Madinah Calgary Islamic Assembly / Green Dome Mosque / Green Dome Islamic School',
      subTitle: null,
      reviewsCount: 236,
      postalCode: 'T3J 4B7',
      phone: '+1 403-590-8200',
      description: null,
      categoryName: 'Mosque',
      address: '4616 80 Ave NE, Calgary, AB T3J 4B7, Canada',
      image_url: 'https://lh3.googleusercontent.com/gps-cs-s/AHVAweoCzuVNnLjPvpUFT6kAzDdiaMddDkahNivBI_QorvFX1ZbJGgOeSoBxOW-C8KQXj2jSz6MWvhDE8vi_E_UjfzjHmwzdoIOfWISd0Pa5b8StKn6-iNYZdP2my8UphZ-gv0TZSFIv3EbkaCoW=w408-h306-k-no',
      location_lat: 51.126319,
      location_lng: -113.9682685,
      openingHours_0_day: 'Monday',
      openingHours_0_hours: 'Open 24 hours',
      openingHours_1_day: 'Tuesday',
      openingHours_1_hours: 'Open 24 hours',
      openingHours_2_day: 'Wednesday',
      openingHours_2_hours: 'Open 24 hours',
      openingHours_3_day: 'Thursday',
      openingHours_3_hours: 'Open 24 hours',
      openingHours_4_day: 'Friday',
      openingHours_4_hours: 'Open 24 hours',
      openingHours_5_day: 'Saturday',
      openingHours_5_hours: 'Open 24 hours',
      openingHours_6_day: 'Sunday',
      openingHours_6_hours: 'Open 24 hours',
      ai_Acc_0_entrance: true,
      ai_Acc_1_entrance: false,
      ai_Acc_2_entrance: false,
      ai_Acc_3_entrance: false,
      ai_Acc_4_entrance: false,
      ai_Acc_0_parking: false,
      ai_Acc_1_parking: true,
      ai_Acc_2_parking: false,
      ai_Acc_3_parking: false,
      ai_Acc_4_parking: false,
      ai_Acc_0_restroom: false,
      ai_Acc_1_restroom: false,
      ai_Acc_2_restroom: true,
      ai_Acc_3_restroom: false,
      ai_Acc_4_restroom: false,
      ai_Chld_0_kids: false,
      ai_Chld_1_kids: false,
      ai_Chld_2_kids: false,
      ai_Chld_3_kids: false,
      ai_Crwd_0_lgbtq: false,
      ai_Crwd_1_lgbtq: false,
      ai_Crwd_2_lgbtq: false,
      ai_Crwd_3_lgbtq: false,
      ai_Pets_0_dogs: false,
      ai_Pets_1_dogs: false,
      ai_Pets_2_dogs: false,
      ai_Plan_0_tickets: false,
      ai_Plan_1_tickets: false,
      ai_Plan_2_tickets: false,
      ai_Plan_3_tickets: false,
      created_at: '2026-02-15T15:40:29.28518+00:00',
      updated_at: '2026-02-15T15:40:29.28518+00:00'
    },
    {
      id: 3,
      country: 'Canada',
      city: 'Calgary',
      website: null,
      title: 'Gurdwara Darbar Sri Guru Granth Sahib JI Calgary',
      subTitle: null,
      reviewsCount: 455,
      postalCode: 'T3J 2J1',
      phone: '+1 403-351-3822',
      description: null,
      categoryName: 'Gurudwara',
      address: '8730 45 St NE, Calgary, AB T3J 2J1, Canada',
      image_url: 'https://lh3.googleusercontent.com/gps-cs-s/AHVAweqT_VApm5mxOmUSHhmlr3YeNMS69HHg9BK_CnPyvvorXpX1-7Z6JRtoMun9EBIO_tUU0ABc_7WF2Q7Xc99GcQDF84_7dCfggcFZgCpS4qA5j-WKmJwWK8eo7Zv_9ryGBsNPlVWRrQ=w408-h306-k-no',
      location_lat: 51.1295703,
      location_lng: -113.9663905,
      openingHours_0_day: 'Monday',
      openingHours_0_hours: '4 AM to 9 PM',
      openingHours_1_day: 'Tuesday',
      openingHours_1_hours: '4 AM to 9 PM',
      openingHours_2_day: 'Wednesday',
      openingHours_2_hours: '4 AM to 9 PM',
      openingHours_3_day: 'Thursday',
      openingHours_3_hours: '4 AM to 9 PM',
      openingHours_4_day: 'Friday',
      openingHours_4_hours: '4 AM to 9 PM',
      openingHours_5_day: 'Saturday',
      openingHours_5_hours: '4 AM to 9 PM',
      openingHours_6_day: 'Sunday',
      openingHours_6_hours: '4 AM to 9 PM',
      ai_Acc_0_entrance: true,
      ai_Acc_1_entrance: false,
      ai_Acc_2_entrance: false,
      ai_Acc_3_entrance: false,
      ai_Acc_4_entrance: false,
      ai_Acc_0_parking: false,
      ai_Acc_1_parking: true,
      ai_Acc_2_parking: false,
      ai_Acc_3_parking: false,
      ai_Acc_4_parking: false,
      ai_Acc_0_restroom: false,
      ai_Acc_1_restroom: false,
      ai_Acc_2_restroom: true,
      ai_Acc_3_restroom: false,
      ai_Acc_4_restroom: false,
      ai_Chld_0_kids: false,
      ai_Chld_1_kids: false,
      ai_Chld_2_kids: false,
      ai_Chld_3_kids: false,
      ai_Crwd_0_lgbtq: false,
      ai_Crwd_1_lgbtq: false,
      ai_Crwd_2_lgbtq: false,
      ai_Crwd_3_lgbtq: false,
      ai_Pets_0_dogs: false,
      ai_Pets_1_dogs: false,
      ai_Pets_2_dogs: false,
      ai_Plan_0_tickets: false,
      ai_Plan_1_tickets: false,
      ai_Plan_2_tickets: false,
      ai_Plan_3_tickets: false,
      created_at: '2026-02-15T15:40:29.28518+00:00',
      updated_at: '2026-02-15T15:40:29.28518+00:00'
    },
    {
      id: 4,
      country: 'Canada',
      city: 'Calgary',
      website: 'https://driverseatinc.com/locations/driverseat-calgary/',
      title: 'Driverseat Calgary East',
      subTitle: null,
      reviewsCount: 94,
      postalCode: 'T3N 1V9',
      phone: '+1 587-355-5905',
      description: null,
      categoryName: 'Transportation service',
      address: '3730 108 Ave NE #1141, Calgary, AB T3N 1V9, Canada',
      image_url: 'https://lh3.googleusercontent.com/p/AF1QipPEIBJH-lQsW7dJN1JadRfTBalZBSSoAX8jEjI-=w648-h240-k-no',
      location_lat: 51.1518537,
      location_lng: -113.9810091,
      openingHours_0_day: null,
      openingHours_0_hours: null,
      openingHours_1_day: null,
      openingHours_1_hours: null,
      openingHours_2_day: null,
      openingHours_2_hours: null,
      openingHours_3_day: null,
      openingHours_3_hours: null,
      openingHours_4_day: null,
      openingHours_4_hours: null,
      openingHours_5_day: null,
      openingHours_5_hours: null,
      openingHours_6_day: null,
      openingHours_6_hours: null,
      ai_Acc_0_entrance: false,
      ai_Acc_1_entrance: false,
      ai_Acc_2_entrance: false,
      ai_Acc_3_entrance: false,
      ai_Acc_4_entrance: false,
      ai_Acc_0_parking: true,
      ai_Acc_1_parking: false,
      ai_Acc_2_parking: false,
      ai_Acc_3_parking: false,
      ai_Acc_4_parking: false,
      ai_Acc_0_restroom: false,
      ai_Acc_1_restroom: false,
      ai_Acc_2_restroom: false,
      ai_Acc_3_restroom: false,
      ai_Acc_4_restroom: false,
      ai_Chld_0_kids: false,
      ai_Chld_1_kids: false,
      ai_Chld_2_kids: false,
      ai_Chld_3_kids: false,
      ai_Crwd_0_lgbtq: true,
      ai_Crwd_1_lgbtq: false,
      ai_Crwd_2_lgbtq: false,
      ai_Crwd_3_lgbtq: false,
      ai_Pets_0_dogs: false,
      ai_Pets_1_dogs: false,
      ai_Pets_2_dogs: false,
      ai_Plan_0_tickets: false,
      ai_Plan_1_tickets: false,
      ai_Plan_2_tickets: false,
      ai_Plan_3_tickets: false,
      created_at: '2026-02-15T15:40:29.28518+00:00',
      updated_at: '2026-02-15T15:40:29.28518+00:00'
    },
    {
      id: 5,
      country: 'Canada',
      city: 'Calgary',
      website: 'https://calgarychess.com/',
      title: 'Calgary Chess Club',
      subTitle: null,
      reviewsCount: 61,
      postalCode: 'T1Y 5E4',
      phone: '+1 368-999-9222',
      description: null,
      categoryName: 'Chess club',
      address: '3359 - 27 Street NE Suite #274, second floor, Calgary, AB T1Y 5E4, Canada',
      image_url: 'https://lh3.googleusercontent.com/gps-cs-s/AHVAweoxcbbD6822Eze8tOdC4xcu_ronSbydvz_SLWeGuFrghtwlyePkTS8AhTVYzVS4nYik-G_M8EXy4hT8Z_hYYbGPUGi83SfOnUgv0-T0yT5HoS_GKW_qsv6tuAHc5sF_O2x6UvTC=w408-h307-k-no',
      location_lat: 51.0830573,
      location_lng: -113.9954529,
      openingHours_0_day: 'Monday',
      openingHours_0_hours: 'Closed',
      openingHours_1_day: 'Tuesday',
      openingHours_1_hours: '6:30 to 10:30 PM',
      openingHours_2_day: 'Wednesday',
      openingHours_2_hours: '6:30 to 10 PM',
      openingHours_3_day: 'Thursday',
      openingHours_3_hours: '6 to 7:30 PM',
      openingHours_4_day: 'Friday',
      openingHours_4_hours: '6:30 to 10 PM',
      openingHours_5_day: 'Saturday',
      openingHours_5_hours: 'Closed',
      openingHours_6_day: 'Sunday',
      openingHours_6_hours: 'Closed',
      ai_Acc_0_entrance: false,
      ai_Acc_1_entrance: false,
      ai_Acc_2_entrance: false,
      ai_Acc_3_entrance: false,
      ai_Acc_4_entrance: false,
      ai_Acc_0_parking: false,
      ai_Acc_1_parking: false,
      ai_Acc_2_parking: false,
      ai_Acc_3_parking: false,
      ai_Acc_4_parking: false,
      ai_Acc_0_restroom: false,
      ai_Acc_1_restroom: false,
      ai_Acc_2_restroom: false,
      ai_Acc_3_restroom: false,
      ai_Acc_4_restroom: false,
      ai_Chld_0_kids: false,
      ai_Chld_1_kids: false,
      ai_Chld_2_kids: false,
      ai_Chld_3_kids: false,
      ai_Crwd_0_lgbtq: false,
      ai_Crwd_1_lgbtq: false,
      ai_Crwd_2_lgbtq: false,
      ai_Crwd_3_lgbtq: false,
      ai_Pets_0_dogs: false,
      ai_Pets_1_dogs: false,
      ai_Pets_2_dogs: false,
      ai_Plan_0_tickets: false,
      ai_Plan_1_tickets: false,
      ai_Plan_2_tickets: false,
      ai_Plan_3_tickets: false,
      created_at: '2026-02-15T15:40:29.28518+00:00',
      updated_at: '2026-02-15T15:40:29.28518+00:00'
    }
  ],
  placesError: null
}
Countries query: {
  countries: [
    { country: 'Canada' }, { country: 'Canada' }, { country: 'Canada' },
    { country: 'Canada' }, { country: 'Canada' }, { country: 'Canada' },
    { country: 'Canada' }, { country: 'Canada' }, { country: 'Canada' },
    { country: 'Canada' }, { country: 'Canada' }, { country: 'Canada' },
    { country: 'Canada' }, { country: 'Canada' }, { country: 'Canada' },
    { country: 'Canada' }, { country: 'Canada' }, { country: 'Canada' },
    { country: 'Canada' }, { country: 'Canada' }, { country: 'Canada' },
    { country: 'Canada' }, { country: 'Canada' }, { country: 'Canada' },
    { country: 'Canada' }, { country: 'Canada' }, { country: 'Canada' },
    { country: 'Canada' }, { country: 'Canada' }, { country: 'Canada' },
    { country: 'Canada' }, { country: 'Canada' }, { country: 'Canada' },
    { country: 'Canada' }, { country: 'Canada' }, { country: 'Canada' },
    { country: 'Canada' }, { country: 'Canada' }, { country: 'Canada' },
    { country: 'Canada' }, { country: 'Canada' }, { country: 'Canada' },
    { country: 'Canada' }, { country: 'Canada' }, { country: 'Canada' },
    { country: 'Canada' }, { country: 'Canada' }, { country: 'Canada' },
    { country: 'Canada' }, { country: 'Canada' }, { country: 'Canada' },
    { country: 'Canada' }, { country: 'Canada' }, { country: 'Canada' },
    { country: 'Canada' }, { country: 'Canada' }, { country: 'Canada' },
    { country: 'Canada' }, { country: 'Canada' }, { country: 'Canada' },
    { country: 'Canada' }, { country: 'Canada' }, { country: 'Canada' },
    { country: 'Canada' }, { country: 'Canada' }, { country: 'Canada' },
    { country: 'Canada' }, { country: 'Canada' }, { country: 'Canada' },
    { country: 'Canada' }, { country: 'Canada' }, { country: 'Canada' },
    { country: 'Canada' }, { country: 'Canada' }, { country: 'Canada' },
    { country: 'Canada' }, { country: 'Canada' }, { country: 'Canada' },
    { country: 'Canada' }, { country: 'Canada' }, { country: 'Canada' },
    { country: 'Canada' }, { country: 'Canada' }, { country: 'Canada' },
    { country: 'Canada' }, { country: 'Canada' }, { country: 'Canada' },
    { country: 'Canada' }, { country: 'Canada' }, { country: 'Canada' },
    { country: 'Canada' }, { country: 'Canada' }, { country: 'Canada' },
    { country: 'Canada' }, { country: 'Canada' }, { country: 'Canada' },
    { country: 'Canada' }, { country: 'Canada' }, { country: 'Canada' },
    { country: 'Canada' },
    ... 900 more items
  ],
  countriesError: null
}
   Generating static pages (24/48) 
   Generating static pages (36/48) 
 ✓ Generating static pages (48/48)
   Finalizing page optimization ...
   Collecting build traces ...

Route (app)                              Size     First Load JS
┌ ○ /                                    3.41 kB         154 kB
├ ○ /_not-found                          878 B          88.8 kB
├ ○ /about                               1.88 kB         153 kB
├ ○ /admin                               166 B          88.1 kB
├ ○ /admin/analytics                     166 B          88.1 kB
├ ○ /admin/auth                          587 B          88.6 kB
├ ○ /admin/bulk-operations               1.37 kB        89.3 kB
├ ○ /admin/cms                           166 B          88.1 kB
├ ○ /admin/data-sync                     4.84 kB        92.8 kB
├ ƒ /admin/data-sync/[country]           3.45 kB         100 kB
├ ○ /admin/locations                     1.68 kB        89.7 kB
├ ○ /admin/logs                          166 B          88.1 kB
├ ○ /admin/moderation                    166 B          88.1 kB
├ ○ /admin/profile                       166 B          88.1 kB
├ ○ /admin/settings                      166 B          88.1 kB
├ ○ /admin/users                         179 B          96.8 kB
├ ƒ /admin/users/[id]                    166 B          88.1 kB
├ ƒ /api/admin/destinations              0 B                0 B
├ ƒ /api/admin/sync                      0 B                0 B
├ ƒ /api/admin/sync/check                0 B                0 B
├ ○ /api/admin/sync/countries            0 B                0 B
├ ƒ /api/admin/sync/delete               0 B                0 B
├ ƒ /api/admin/sync/place                0 B                0 B
├ ƒ /api/admin/sync/places               0 B                0 B
├ ƒ /api/debug/check-profile             0 B                0 B
├ ƒ /api/destinations                    0 B                0 B
├ ƒ /api/itinerary                       0 B                0 B
├ ƒ /api/itinerary/country               0 B                0 B
├ ƒ /api/itinerary/personalized          0 B                0 B
├ ƒ /api/itinerary/state                 0 B                0 B
├ ƒ /api/planner/cities                  0 B                0 B
├ ƒ /api/planner/places                  0 B                0 B
├ ƒ /api/reviews                         0 B                0 B
├ ○ /api/test-db                         0 B                0 B
├ ƒ /api/trips                           0 B                0 B
├ ƒ /api/trips/[id]                      0 B                0 B
├ ○ /blog                                2.52 kB         153 kB
├ ƒ /blog/[slug]                         4.38 kB         158 kB
├ ○ /contact                             2.12 kB         153 kB
├ ○ /dashboard                           4.34 kB         155 kB
├ ○ /dashboard/chart-map                 1.54 kB        89.5 kB
├ ○ /dashboard/favorites                 1.16 kB         101 kB
├ ○ /dashboard/id-card                   5.67 kB         148 kB
├ ○ /dashboard/profile                   3.94 kB         146 kB
├ ○ /dashboard/settings                  1.46 kB        92.9 kB
├ ○ /dashboard/trips                     3.06 kB         154 kB
├ ○ /explore                             5.23 kB         159 kB
├ ○ /how-it-works                        2.64 kB         153 kB
├ ○ /plan                                3.81 kB         154 kB
├ ○ /planner                             1.13 kB         152 kB
├ ○ /trip-map                            11.1 kB         168 kB
└ ○ /trip-types                          1.57 kB         152 kB
+ First Load JS shared by all            88 kB
  ├ chunks/2117-0dd3933fe8029d8f.js      31.7 kB
  ├ chunks/fd9d1056-9ad3a710581772cd.js  53.7 kB
  └ other shared chunks (total)          2.57 kB


○  (Static)   prerendered as static content
ƒ  (Dynamic)  server-rendered on demand

